Warning: You are sending unauthenticated requests to the HF Hub. Please set a HF_TOKEN to enable higher rate limits and faster downloads.
Initializing RAG engine...
Loading weights:   0%|          | 0/103 [00:00<?, ?it/s]Loading weights: 100%|██████████| 103/103 [00:00<00:00, 6214.77it/s]
RAG engine ready. Database has 1 chunks.

Running test query...
Traceback (most recent call last):
  File "/home/chalaka/ops-copilot_gemini/rag.py", line 182, in <module>
    test_rag()
  File "/home/chalaka/ops-copilot_gemini/rag.py", line 176, in test_rag
    answer, sources = ask(test_q, ['CustomerX', 'General'])
  File "/home/chalaka/ops-copilot_gemini/rag.py", line 150, in ask
    response = client.models.generate_content(
  File "/home/chalaka/.local/lib/python3.10/site-packages/google/genai/models.py", line 6331, in generate_content
    response = self._generate_content(
  File "/home/chalaka/.local/lib/python3.10/site-packages/google/genai/models.py", line 4767, in _generate_content
    response = self._api_client.request(
  File "/home/chalaka/.local/lib/python3.10/site-packages/google/genai/_api_client.py", line 1605, in request
    response = self._request(http_request, http_options, stream=False)
  File "/home/chalaka/.local/lib/python3.10/site-packages/google/genai/_api_client.py", line 1398, in _request
    return self._retry(self._request_once, http_request, stream)  # type: ignore[no-any-return]
  File "/home/chalaka/.local/lib/python3.10/site-packages/tenacity/__init__.py", line 470, in __call__
    do = self.iter(retry_state=retry_state)
  File "/home/chalaka/.local/lib/python3.10/site-packages/tenacity/__init__.py", line 371, in iter
    result = action(retry_state)
  File "/home/chalaka/.local/lib/python3.10/site-packages/tenacity/__init__.py", line 413, in exc_check
    raise retry_exc.reraise()
  File "/home/chalaka/.local/lib/python3.10/site-packages/tenacity/__init__.py", line 184, in reraise
    raise self.last_attempt.result()
  File "/usr/lib/python3.10/concurrent/futures/_base.py", line 451, in result
    return self.__get_result()
  File "/usr/lib/python3.10/concurrent/futures/_base.py", line 403, in __get_result
    raise self._exception
  File "/home/chalaka/.local/lib/python3.10/site-packages/tenacity/__init__.py", line 473, in __call__
    result = fn(*args, **kwargs)
  File "/home/chalaka/.local/lib/python3.10/site-packages/google/genai/_api_client.py", line 1375, in _request_once
    errors.APIError.raise_for_response(response)
  File "/home/chalaka/.local/lib/python3.10/site-packages/google/genai/errors.py", line 155, in raise_for_response
    cls.raise_error(response.status_code, response_json, response)
  File "/home/chalaka/.local/lib/python3.10/site-packages/google/genai/errors.py", line 184, in raise_error
    raise ClientError(status_code, response_json, response)
google.genai.errors.ClientError: 429 RESOURCE_EXHAUSTED. {'error': {'code': 429, 'message': 'You exceeded your current quota, please check your plan and billing details. For more information on this error, head to: https://ai.google.dev/gemini-api/docs/rate-limits. To monitor your current usage, head to: https://ai.dev/rate-limit. \n* Quota exceeded for metric: generativelanguage.googleapis.com/generate_content_free_tier_requests, limit: 0, model: gemini-2.0-flash\n* Quota exceeded for metric: generativelanguage.googleapis.com/generate_content_free_tier_requests, limit: 0, model: gemini-2.0-flash\n* Quota exceeded for metric: generativelanguage.googleapis.com/generate_content_free_tier_input_token_count, limit: 0, model: gemini-2.0-flash\nPlease retry in 57.52717651s.', 'status': 'RESOURCE_EXHAUSTED', 'details': [{'@type': 'type.googleapis.com/google.rpc.Help', 'links': [{'description': 'Learn more about Gemini API quotas', 'url': 'https://ai.google.dev/gemini-api/docs/rate-limits'}]}, {'@type': 'type.googleapis.com/google.rpc.QuotaFailure', 'violations': [{'quotaMetric': 'generativelanguage.googleapis.com/generate_content_free_tier_requests', 'quotaId': 'GenerateRequestsPerDayPerProjectPerModel-FreeTier', 'quotaDimensions': {'location': 'global', 'model': 'gemini-2.0-flash'}}, {'quotaMetric': 'generativelanguage.googleapis.com/generate_content_free_tier_requests', 'quotaId': 'GenerateRequestsPerMinutePerProjectPerModel-FreeTier', 'quotaDimensions': {'location': 'global', 'model': 'gemini-2.0-flash'}}, {'quotaMetric': 'generativelanguage.googleapis.com/generate_content_free_tier_input_token_count', 'quotaId': 'GenerateContentInputTokensPerModelPerMinute-FreeTier', 'quotaDimensions': {'location': 'global', 'model': 'gemini-2.0-flash'}}]}, {'@type': 'type.googleapis.com/google.rpc.RetryInfo', 'retryDelay': '57s'}]}}
